⚠️ MongoDB 连接失败: localhost:27017: [Errno 111] Connection refused (configured timeouts: socketTimeoutMS: 20000.0ms, connectTimeoutMS: 20000.0ms), Timeout: 2.0s, Topology Description: <TopologyDescription id: 6a20215314f4a6269c7631fd, topology_type: Unknown, servers: [<ServerDescription ('localhost', 27017) server_type: Unknown, rtt: None, error=AutoReconnect('localhost:27017: [Errno 111] Connection refused (configured timeouts: socketTimeoutMS: 20000.0ms, connectTimeoutMS: 20000.0ms)')>]>
📝 使用内存模式运行（测试用）
==================================================
🔐 登录服务启动
==================================================
📝 内存模式 - 测试账号:
   用户名: teacher, 密码: 123456
   用户名: admin, 密码: admin123
   用户名: student, 密码: 123456
==================================================
 * Serving Flask app 'login'
 * Debug mode: on
[31m[1mWARNING: This is a development server. Do not use it in a production deployment. Use a production WSGI server instead.[0m
 * Running on all addresses (0.0.0.0)
 * Running on http://127.0.0.1:5000
 * Running on http://10.10.12.47:5000
[33mPress CTRL+C to quit[0m
 * Restarting with stat
 * Debugger is active!
 * Debugger PIN: 222-119-929
