[2026-06-03 17:54:40] 检查依赖...
[2026-06-03 17:54:40] 启动后端服务...
[2026-06-03 17:54:40] 后端服务已启动 (PID: 4146094)
[2026-06-03 17:54:45] 启动前端服务...
[2026-06-03 17:54:45] 前端服务已启动 (PID: 4146631)
[2026-06-03 17:54:45] 所有服务启动完成
[2026-06-03 17:58:55] 停止服务...
[2026-06-03 17:58:55] 后端服务已停止 (PID: 4146094)
[2026-06-03 17:58:55] 前端服务已停止 (PID: 4146631)
[2026-06-03 17:58:56] 所有服务已停止
[2026-06-03 17:58:57] 检查依赖...
[2026-06-03 17:58:57] 启动后端服务...
[2026-06-03 17:58:57] 后端服务已启动 (PID: 4168701)
[2026-06-03 17:59:02] 启动前端服务...
[2026-06-03 17:59:02] 前端服务已启动 (PID: 4169228)
[2026-06-03 17:59:02] 所有服务启动完成
[2026-06-03 18:03:24] 停止服务...
[2026-06-03 18:03:24] 后端服务已停止 (PID: 4168701)
[2026-06-03 18:03:24] 前端服务已停止 (PID: 4169228)
[2026-06-03 18:03:24] 所有服务已停止
[2026-06-03 18:03:32] 检查依赖...
[2026-06-03 18:03:32] 启动后端服务...
[2026-06-03 18:03:32] 后端服务已启动 (PID: 465)
[2026-06-03 18:03:37] 启动前端服务...
[2026-06-03 18:03:37] 前端服务已启动 (PID: 1147)
[2026-06-03 18:03:37] 所有服务启动完成
[2026-06-03 18:10:17] 停止服务...
[2026-06-03 18:10:17] 后端服务已停止 (PID: 465)
[2026-06-03 18:10:17] 前端服务已停止 (PID: 1147)
[2026-06-03 18:10:17] 所有服务已停止
[2026-06-03 18:10:18] 检查依赖...
[2026-06-03 18:10:18] 使用 Python 环境: TAA (/home/ubuntu/anaconda3/envs/TAA/bin/python)
[2026-06-03 18:10:18] 启动后端服务 (使用 TAA 环境)...
[2026-06-03 18:10:18] 后端服务已启动 (PID: 38581)
[2026-06-03 18:10:23] 启动前端服务...
[2026-06-03 18:10:23] 前端服务已启动 (PID: 39120)
[2026-06-03 18:10:23] 所有服务启动完成
[2026-06-03 18:15:45] 停止服务...
[2026-06-03 18:15:45] 后端服务已停止 (PID: 38581)
[2026-06-03 18:15:45] 前端服务已停止 (PID: 39120)
[2026-06-03 18:15:45] 所有服务已停止
[2026-06-03 18:15:47] 检查依赖...
[2026-06-03 18:15:47] 使用 Python 环境: TAA (/home/ubuntu/anaconda3/envs/TAA/bin/python)
[2026-06-03 18:15:47] 启动后端服务 (使用 TAA 环境)...
[2026-06-03 18:15:47] 后端服务已启动 (PID: 69270)
[2026-06-03 18:15:52] 启动前端服务...
[2026-06-03 18:15:52] 前端服务已启动 (PID: 69949)
[2026-06-03 18:15:52] 所有服务启动完成
[2026-06-03 18:18:18] 停止服务...
[2026-06-03 18:18:18] 后端服务已停止 (PID: 69270)
[2026-06-03 18:18:18] 前端服务已停止 (PID: 69949)
[2026-06-03 18:18:18] 所有服务已停止
[2026-06-03 18:18:19] 检查依赖...
[2026-06-03 18:18:19] 使用 Python 环境: TAA (/home/ubuntu/anaconda3/envs/TAA/bin/python)
[2026-06-03 18:18:19] 启动后端服务 (使用 TAA 环境)...
[2026-06-03 18:18:19] 后端服务已启动 (PID: 83490)
[2026-06-03 18:18:24] 启动前端服务...
[2026-06-03 18:18:24] 前端服务已启动 (PID: 84076)
[2026-06-03 18:18:24] 所有服务启动完成
[2026-06-03 18:23:07] 停止服务...
[2026-06-03 18:23:07] 后端服务已停止 (PID: 83490)
[2026-06-03 18:23:07] 前端服务已停止 (PID: 84076)
[2026-06-03 18:23:07] 所有服务已停止
[2026-06-03 18:23:08] 检查依赖...
[2026-06-03 18:23:08] 使用 Python 环境: TAA (/home/ubuntu/anaconda3/envs/TAA/bin/python)
[2026-06-03 18:23:08] 启动后端服务 (使用 TAA 环境)...
[2026-06-03 18:23:08] 后端服务已启动 (PID: 110897)
[2026-06-03 18:23:13] 启动前端服务...
[2026-06-03 18:23:13] 前端服务已启动 (PID: 111536)
[2026-06-03 18:23:13] 所有服务启动完成
