[2026-06-03 20:47:46] [INFO] ============================================================
[2026-06-03 20:47:46] [INFO] Teacher Assistant AI 服务启动管理器
[2026-06-03 20:47:46] [INFO] ============================================================
[2026-06-03 20:47:46] [INFO] 启动模式: 并行
[2026-06-03 20:47:46] [INFO] 日志级别: INFO
[2026-06-03 20:47:46] [INFO] ------------------------------------------------------------
[2026-06-03 20:47:46] [INFO] [登录服务] 启动命令: 命令: /home/ubuntu/anaconda3/envs/TAA/bin/python /home/ubuntu/OmniAI Edu/backend/Login/login.py
[2026-06-03 20:47:46] [INFO] [API统一管理服务] 启动命令: 命令: /home/ubuntu/anaconda3/envs/TAA/bin/python /home/ubuntu/OmniAI Edu/backend/API_management/app.py --host 0.0.0.0 --port 5010
[2026-06-03 20:47:46] [INFO] [OpenMAIC智能课堂服务] 启动命令: 命令: pnpm dev --port 5006, 工作目录: /home/ubuntu/OmniAI Edu/backend/OpenMAIC
[2026-06-03 20:47:46] [INFO] [练习反馈服务] 启动命令: 命令: /home/ubuntu/anaconda3/envs/TAA/bin/python /home/ubuntu/OmniAI Edu/backend/PracticeService/app.py
[2026-06-03 20:47:46] [INFO] [手写数字识别服务(GPU)] 启动命令: 命令: /home/ubuntu/anaconda3/envs/TAA/bin/python /home/ubuntu/OmniAI Edu/backend/DigitRecognition/app.py
[2026-06-03 20:47:48] [INFO] [登录服务] 启动成功 - PID: 547593, Port: 5000, 耗时: 2.00s
[2026-06-03 20:47:48] [INFO] [登录服务] 日志文件: /home/ubuntu/OmniAI Edu/backend/logs/services/login_20260603_204746.log
[2026-06-03 20:47:48] [INFO] [API统一管理服务] 启动成功 - PID: 547595, Port: 5010, 耗时: 2.00s
[2026-06-03 20:47:48] [INFO] [API统一管理服务] 日志文件: /home/ubuntu/OmniAI Edu/backend/logs/services/api_management_20260603_204746.log
[2026-06-03 20:47:48] [INFO] [练习反馈服务] 启动成功 - PID: 547597, Port: 5011, 耗时: 2.00s
[2026-06-03 20:47:48] [ERROR] [OpenMAIC智能课堂服务] 启动失败: 
> openmaic@0.2.1 dev /home/ubuntu/OmniAI Edu/backend/OpenMAIC
> next dev --port 5006

⨯ Failed to start server
Error: listen EADDRINUSE: address already in use :::5006
    at <unknown> (Error: listen EADDRINUSE: address already in use :::5006)
    at new Promise (<anonymous>) {
  code: 'EADDRINUSE',
  errno: -98,
  syscall: 'listen',
  address: '::',
  port: 5006
}
[?25h
 ELIFECYCLE  Command failed with exit code 1.

[2026-06-03 20:47:48] [INFO] [手写数字识别服务(GPU)] 启动成功 - PID: 547599, Port: 5005, 耗时: 2.00s
[2026-06-03 20:47:48] [INFO] [练习反馈服务] 日志文件: /home/ubuntu/OmniAI Edu/backend/logs/services/practice_service_20260603_204746.log
[2026-06-03 20:47:48] [INFO] [手写数字识别服务(GPU)] 日志文件: /home/ubuntu/OmniAI Edu/backend/logs/services/digit_recognition_20260603_204746.log
[2026-06-03 20:47:48] [INFO] ------------------------------------------------------------
[2026-06-03 20:47:48] [INFO] 启动完成 - 总计: 5 个服务
[2026-06-03 20:47:48] [INFO]   成功: 4 个
[2026-06-03 20:47:48] [INFO]   失败: 1 个
[2026-06-03 20:47:48] [INFO]   总耗时: 2.00 秒
[2026-06-03 20:47:48] [INFO] ------------------------------------------------------------
[2026-06-03 20:47:48] [INFO] 服务状态详情:
[2026-06-03 20:47:48] [INFO] 服务名称                 端口       PID        状态        
[2026-06-03 20:47:48] [INFO] ------------------------------------------------------------
[2026-06-03 20:47:48] [INFO] 登录服务               5000     547593     ✓ running
[2026-06-03 20:47:48] [INFO]   日志: /home/ubuntu/OmniAI Edu/backend/logs/services/login_20260603_204746.log
[2026-06-03 20:47:48] [INFO] OpenMAIC智能课堂服务     5006     547596     ✗ failed
[2026-06-03 20:47:48] [INFO]   错误: 
> openmaic@0.2.1 dev /home/ubuntu/OmniAI Edu/backend/OpenMAIC
> next dev --port 5006

⨯ Failed to start server
Error: listen EADDRINUSE: address already in use :::5006
    at <unknown> (Error: listen EADDRINUSE: address already in use :::5006)
    at new Promise (<anonymous>) {
  code: 'EADDRINUSE',
  errno: -98,
  syscall: 'listen',
  address: '::',
  port: 5006
}
[?25h
 ELIFECYCLE  Command failed with exit code 1.

[2026-06-03 20:47:48] [INFO] API统一管理服务          5010     547595     ✓ running
[2026-06-03 20:47:48] [INFO]   日志: /home/ubuntu/OmniAI Edu/backend/logs/services/api_management_20260603_204746.log
[2026-06-03 20:47:48] [INFO] 手写数字识别服务(GPU)      5005     547599     ✓ running
[2026-06-03 20:47:48] [INFO]   日志: /home/ubuntu/OmniAI Edu/backend/logs/services/digit_recognition_20260603_204746.log
[2026-06-03 20:47:48] [INFO] 练习反馈服务             5011     547597     ✓ running
[2026-06-03 20:47:48] [INFO]   日志: /home/ubuntu/OmniAI Edu/backend/logs/services/practice_service_20260603_204746.log
[2026-06-03 20:47:48] [INFO] 启动报告已保存: /home/ubuntu/OmniAI Edu/backend/logs/latest_startup_report.txt
[2026-06-03 20:47:48] [WARNING] 部分服务启动失败，请检查日志
[2026-06-03 20:47:48] [INFO] 
正在监控服务状态 (按 Ctrl+C 停止)...

